Archive member included to satisfy reference by file (symbol)

d:/st/stm32cubeide_1.8.0/stm32cubeide/plugins/com.st.stm32cube.ide.mcu.externaltools.gnu-tools-for-stm32.9-2020-q2-update.win32_2.0.0.202105311346/tools/bin/../lib/gcc/arm-none-eabi/9.3.1/../../../../arm-none-eabi/lib/thumb/v7-m/nofp\libc_nano.a(lib_a-errno.o)
                              ./Core/Src/syscalls.o (__errno)
d:/st/stm32cubeide_1.8.0/stm32cubeide/plugins/com.st.stm32cube.ide.mcu.externaltools.gnu-tools-for-stm32.9-2020-q2-update.win32_2.0.0.202105311346/tools/bin/../lib/gcc/arm-none-eabi/9.3.1/../../../../arm-none-eabi/lib/thumb/v7-m/nofp\libc_nano.a(lib_a-exit.o)
                              d:/st/stm32cubeide_1.8.0/stm32cubeide/plugins/com.st.stm32cube.ide.mcu.externaltools.gnu-tools-for-stm32.9-2020-q2-update.win32_2.0.0.202105311346/tools/bin/../lib/gcc/arm-none-eabi/9.3.1/../../../../arm-none-eabi/lib/thumb/v7-m/nofp/crt0.o (exit)
d:/st/stm32cubeide_1.8.0/stm32cubeide/plugins/com.st.stm32cube.ide.mcu.externaltools.gnu-tools-for-stm32.9-2020-q2-update.win32_2.0.0.202105311346/tools/bin/../lib/gcc/arm-none-eabi/9.3.1/../../../../arm-none-eabi/lib/thumb/v7-m/nofp\libc_nano.a(lib_a-impure.o)
                              d:/st/stm32cubeide_1.8.0/stm32cubeide/plugins/com.st.stm32cube.ide.mcu.externaltools.gnu-tools-for-stm32.9-2020-q2-update.win32_2.0.0.202105311346/tools/bin/../lib/gcc/arm-none-eabi/9.3.1/../../../../arm-none-eabi/lib/thumb/v7-m/nofp\libc_nano.a(lib_a-exit.o) (_global_impure_ptr)
d:/st/stm32cubeide_1.8.0/stm32cubeide/plugins/com.st.stm32cube.ide.mcu.externaltools.gnu-tools-for-stm32.9-2020-q2-update.win32_2.0.0.202105311346/tools/bin/../lib/gcc/arm-none-eabi/9.3.1/../../../../arm-none-eabi/lib/thumb/v7-m/nofp\libc_nano.a(lib_a-init.o)
                              d:/st/stm32cubeide_1.8.0/stm32cubeide/plugins/com.st.stm32cube.ide.mcu.externaltools.gnu-tools-for-stm32.9-2020-q2-update.win32_2.0.0.202105311346/tools/bin/../lib/gcc/arm-none-eabi/9.3.1/../../../../arm-none-eabi/lib/thumb/v7-m/nofp/crt0.o (__libc_init_array)
d:/st/stm32cubeide_1.8.0/stm32cubeide/plugins/com.st.stm32cube.ide.mcu.externaltools.gnu-tools-for-stm32.9-2020-q2-update.win32_2.0.0.202105311346/tools/bin/../lib/gcc/arm-none-eabi/9.3.1/../../../../arm-none-eabi/lib/thumb/v7-m/nofp\libc_nano.a(lib_a-memset.o)
                              d:/st/stm32cubeide_1.8.0/stm32cubeide/plugins/com.st.stm32cube.ide.mcu.externaltools.gnu-tools-for-stm32.9-2020-q2-update.win32_2.0.0.202105311346/tools/bin/../lib/gcc/arm-none-eabi/9.3.1/../../../../arm-none-eabi/lib/thumb/v7-m/nofp/crt0.o (memset)

Allocating common symbols
Common symbol       size              file

uwTick              0x4               ./Drivers/STM32F1xx_HAL_Driver/Src/stm32f1xx_hal.o
pFlash              0x20              ./Drivers/STM32F1xx_HAL_Driver/Src/stm32f1xx_hal_flash.o
huart1              0x44              ./Appl/UART_Config/cfgUART.o
huart2              0x44              ./Appl/UART_Config/cfgUART.o

Discarded input sections

 .text          0x0000000000000000        0x0 d:/st/stm32cubeide_1.8.0/stm32cubeide/plugins/com.st.stm32cube.ide.mcu.externaltools.gnu-tools-for-stm32.9-2020-q2-update.win32_2.0.0.202105311346/tools/bin/../lib/gcc/arm-none-eabi/9.3.1/thumb/v7-m/nofp/crti.o
 .data          0x0000000000000000        0x0 d:/st/stm32cubeide_1.8.0/stm32cubeide/plugins/com.st.stm32cube.ide.mcu.externaltools.gnu-tools-for-stm32.9-2020-q2-update.win32_2.0.0.202105311346/tools/bin/../lib/gcc/arm-none-eabi/9.3.1/thumb/v7-m/nofp/crti.o
 .bss           0x0000000000000000        0x0 d:/st/stm32cubeide_1.8.0/stm32cubeide/plugins/com.st.stm32cube.ide.mcu.externaltools.gnu-tools-for-stm32.9-2020-q2-update.win32_2.0.0.202105311346/tools/bin/../lib/gcc/arm-none-eabi/9.3.1/thumb/v7-m/nofp/crti.o
 .data          0x0000000000000000        0x4 d:/st/stm32cubeide_1.8.0/stm32cubeide/plugins/com.st.stm32cube.ide.mcu.externaltools.gnu-tools-for-stm32.9-2020-q2-update.win32_2.0.0.202105311346/tools/bin/../lib/gcc/arm-none-eabi/9.3.1/thumb/v7-m/nofp/crtbegin.o
 .text          0x0000000000000000       0x7c d:/st/stm32cubeide_1.8.0/stm32cubeide/plugins/com.st.stm32cube.ide.mcu.externaltools.gnu-tools-for-stm32.9-2020-q2-update.win32_2.0.0.202105311346/tools/bin/../lib/gcc/arm-none-eabi/9.3.1/../../../../arm-none-eabi/lib/thumb/v7-m/nofp/crt0.o
 .data          0x0000000000000000        0x0 d:/st/stm32cubeide_1.8.0/stm32cubeide/plugins/com.st.stm32cube.ide.mcu.externaltools.gnu-tools-for-stm32.9-2020-q2-update.win32_2.0.0.202105311346/tools/bin/../lib/gcc/arm-none-eabi/9.3.1/../../../../arm-none-eabi/lib/thumb/v7-m/nofp/crt0.o
 .bss           0x0000000000000000        0x0 d:/st/stm32cubeide_1.8.0/stm32cubeide/plugins/com.st.stm32cube.ide.mcu.externaltools.gnu-tools-for-stm32.9-2020-q2-update.win32_2.0.0.202105311346/tools/bin/../lib/gcc/arm-none-eabi/9.3.1/../../../../arm-none-eabi/lib/thumb/v7-m/nofp/crt0.o
[...]
Memory Configuration

Name             Origin             Length             Attributes
RAM              0x0000000020000000 0x0000000000005000 xrw
FLASH            0x0000000008000000 0x0000000000010000 xr
*default*        0x0000000000000000 0xffffffffffffffff

Linker script and memory map

LOAD d:/st/stm32cubeide_1.8.0/stm32cubeide/plugins/com.st.stm32cube.ide.mcu.externaltools.gnu-tools-for-stm32.9-2020-q2-update.win32_2.0.0.202105311346/tools/bin/../lib/gcc/arm-none-eabi/9.3.1/thumb/v7-m/nofp/crti.o
LOAD d:/st/stm32cubeide_1.8.0/stm32cubeide/plugins/com.st.stm32cube.ide.mcu.externaltools.gnu-tools-for-stm32.9-2020-q2-update.win32_2.0.0.202105311346/tools/bin/../lib/gcc/arm-none-eabi/9.3.1/thumb/v7-m/nofp/crtbegin.o
LOAD d:/st/stm32cubeide_1.8.0/stm32cubeide/plugins/com.st.stm32cube.ide.mcu.externaltools.gnu-tools-for-stm32.9-2020-q2-update.win32_2.0.0.202105311346/tools/bin/../lib/gcc/arm-none-eabi/9.3.1/../../../../arm-none-eabi/lib/thumb/v7-m/nofp/crt0.o
LOAD ./Appl/ApplMain/applMain.o
LOAD ./Appl/Delay/delay.o
LOAD ./Appl/ErrorHandler/ehErrorHandler.o
LOAD ./Appl/IO_Config/digitalOutputs.o
LOAD ./Appl/UART_Config/cfgUART.o
LOAD ./Core/Src/main.o
LOAD ./Core/Src/stm32f1xx_hal_msp.o
LOAD ./Core/Src/stm32f1xx_it.o
LOAD ./Core/Src/syscalls.o
LOAD ./Core/Src/sysmem.o
LOAD ./Core/Src/system_stm32f1xx.o
LOAD ./Core/Startup/startup_stm32f103c8tx.o
LOAD ./Drivers/STM32F1xx_HAL_Driver/Src/stm32f1xx_hal.o
LOAD ./Drivers/STM32F1xx_HAL_Driver/Src/stm32f1xx_hal_cortex.o
LOAD ./Drivers/STM32F1xx_HAL_Driver/Src/stm32f1xx_hal_dma.o
LOAD ./Drivers/STM32F1xx_HAL_Driver/Src/stm32f1xx_hal_exti.o
LOAD ./Drivers/STM32F1xx_HAL_Driver/Src/stm32f1xx_hal_flash.o
LOAD ./Drivers/STM32F1xx_HAL_Driver/Src/stm32f1xx_hal_flash_ex.o
LOAD ./Drivers/STM32F1xx_HAL_Driver/Src/stm32f1xx_hal_gpio.o
LOAD ./Drivers/STM32F1xx_HAL_Driver/Src/stm32f1xx_hal_gpio_ex.o
LOAD ./Drivers/STM32F1xx_HAL_Driver/Src/stm32f1xx_hal_pwr.o
LOAD ./Drivers/STM32F1xx_HAL_Driver/Src/stm32f1xx_hal_rcc.o
LOAD ./Drivers/STM32F1xx_HAL_Driver/Src/stm32f1xx_hal_rcc_ex.o
LOAD ./Drivers/STM32F1xx_HAL_Driver/Src/stm32f1xx_hal_tim.o
LOAD ./Drivers/STM32F1xx_HAL_Driver/Src/stm32f1xx_hal_tim_ex.o
LOAD ./Drivers/STM32F1xx_HAL_Driver/Src/stm32f1xx_hal_uart.o
LOAD ./Drivers/STM32F1xx_HAL_Driver/Src/stm32f1xx_ll_exti.o
LOAD ./Drivers/STM32F1xx_HAL_Driver/Src/stm32f1xx_ll_gpio.o
LOAD ./Drivers/STM32F1xx_HAL_Driver/Src/stm32f1xx_ll_rcc.o
LOAD ./Drivers/STM32F1xx_HAL_Driver/Src/stm32f1xx_ll_utils.o
START GROUP
LOAD d:/st/stm32cubeide_1.8.0/stm32cubeide/plugins/com.st.stm32cube.ide.mcu.externaltools.gnu-tools-for-stm32.9-2020-q2-update.win32_2.0.0.202105311346/tools/bin/../lib/gcc/arm-none-eabi/9.3.1/../../../../arm-none-eabi/lib/thumb/v7-m/nofp\libstdc++_nano.a
LOAD d:/st/stm32cubeide_1.8.0/stm32cubeide/plugins/com.st.stm32cube.ide.mcu.externaltools.gnu-tools-for-stm32.9-2020-q2-update.win32_2.0.0.202105311346/tools/bin/../lib/gcc/arm-none-eabi/9.3.1/../../../../arm-none-eabi/lib/thumb/v7-m/nofp\libsupc++_nano.a
END GROUP
LOAD d:/st/stm32cubeide_1.8.0/stm32cubeide/plugins/com.st.stm32cube.ide.mcu.externaltools.gnu-tools-for-stm32.9-2020-q2-update.win32_2.0.0.202105311346/tools/bin/../lib/gcc/arm-none-eabi/9.3.1/../../../../arm-none-eabi/lib/thumb/v7-m/nofp\libstdc++_nano.a
LOAD d:/st/stm32cubeide_1.8.0/stm32cubeide/plugins/com.st.stm32cube.ide.mcu.externaltools.gnu-tools-for-stm32.9-2020-q2-update.win32_2.0.0.202105311346/tools/bin/../lib/gcc/arm-none-eabi/9.3.1/../../../../arm-none-eabi/lib/thumb/v7-m/nofp\libm.a
LOAD d:/st/stm32cubeide_1.8.0/stm32cubeide/plugins/com.st.stm32cube.ide.mcu.externaltools.gnu-tools-for-stm32.9-2020-q2-update.win32_2.0.0.202105311346/tools/bin/../lib/gcc/arm-none-eabi/9.3.1/../../../../arm-none-eabi/lib/thumb/v7-m/nofp\libc_nano.a
START GROUP
LOAD d:/st/stm32cubeide_1.8.0/stm32cubeide/plugins/com.st.stm32cube.ide.mcu.externaltools.gnu-tools-for-stm32.9-2020-q2-update.win32_2.0.0.202105311346/tools/bin/../lib/gcc/arm-none-eabi/9.3.1/thumb/v7-m/nofp\libgcc.a
LOAD d:/st/stm32cubeide_1.8.0/stm32cubeide/plugins/com.st.stm32cube.ide.mcu.externaltools.gnu-tools-for-stm32.9-2020-q2-update.win32_2.0.0.202105311346/tools/bin/../lib/gcc/arm-none-eabi/9.3.1/../../../../arm-none-eabi/lib/thumb/v7-m/nofp\libc_nano.a
END GROUP
START GROUP
LOAD d:/st/stm32cubeide_1.8.0/stm32cubeide/plugins/com.st.stm32cube.ide.mcu.externaltools.gnu-tools-for-stm32.9-2020-q2-update.win32_2.0.0.202105311346/tools/bin/../lib/gcc/arm-none-eabi/9.3.1/thumb/v7-m/nofp\libgcc.a
LOAD d:/st/stm32cubeide_1.8.0/stm32cubeide/plugins/com.st.stm32cube.ide.mcu.externaltools.gnu-tools-for-stm32.9-2020-q2-update.win32_2.0.0.202105311346/tools/bin/../lib/gcc/arm-none-eabi/9.3.1/../../../../arm-none-eabi/lib/thumb/v7-m/nofp\libc_nano.a
LOAD d:/st/stm32cubeide_1.8.0/stm32cubeide/plugins/com.st.stm32cube.ide.mcu.externaltools.gnu-tools-for-stm32.9-2020-q2-update.win32_2.0.0.202105311346/tools/bin/../lib/gcc/arm-none-eabi/9.3.1/../../../../arm-none-eabi/lib/thumb/v7-m/nofp\libnosys.a
END GROUP
START GROUP
LOAD d:/st/stm32cubeide_1.8.0/stm32cubeide/plugins/com.st.stm32cube.ide.mcu.externaltools.gnu-tools-for-stm32.9-2020-q2-update.win32_2.0.0.202105311346/tools/bin/../lib/gcc/arm-none-eabi/9.3.1/thumb/v7-m/nofp\libgcc.a
LOAD d:/st/stm32cubeide_1.8.0/stm32cubeide/plugins/com.st.stm32cube.ide.mcu.externaltools.gnu-tools-for-stm32.9-2020-q2-update.win32_2.0.0.202105311346/tools/bin/../lib/gcc/arm-none-eabi/9.3.1/../../../../arm-none-eabi/lib/thumb/v7-m/nofp\libc_nano.a
LOAD d:/st/stm32cubeide_1.8.0/stm32cubeide/plugins/com.st.stm32cube.ide.mcu.externaltools.gnu-tools-for-stm32.9-2020-q2-update.win32_2.0.0.202105311346/tools/bin/../lib/gcc/arm-none-eabi/9.3.1/../../../../arm-none-eabi/lib/thumb/v7-m/nofp\libnosys.a
END GROUP
LOAD d:/st/stm32cubeide_1.8.0/stm32cubeide/plugins/com.st.stm32cube.ide.mcu.externaltools.gnu-tools-for-stm32.9-2020-q2-update.win32_2.0.0.202105311346/tools/bin/../lib/gcc/arm-none-eabi/9.3.1/thumb/v7-m/nofp/crtend.o
LOAD d:/st/stm32cubeide_1.8.0/stm32cubeide/plugins/com.st.stm32cube.ide.mcu.externaltools.gnu-tools-for-stm32.9-2020-q2-update.win32_2.0.0.202105311346/tools/bin/../lib/gcc/arm-none-eabi/9.3.1/thumb/v7-m/nofp/crtn.o
                0x0000000020005000                _estack = (ORIGIN (RAM) + LENGTH (RAM))
                0x0000000000000200                _Min_Heap_Size = 0x200
                0x0000000000000400                _Min_Stack_Size = 0x400

.isr_vector     0x0000000008000000      0x10c
                0x0000000008000000                . = ALIGN (0x4)
 *(.isr_vector)
 .isr_vector    0x0000000008000000      0x10c ./Core/Startup/startup_stm32f103c8tx.o
                0x0000000008000000                g_pfnVectors
                0x000000000800010c                . = ALIGN (0x4)

.text           0x000000000800010c      0xa38
                0x000000000800010c                . = ALIGN (0x4)
 *(.text)
 .text          0x000000000800010c       0x40 d:/st/stm32cubeide_1.8.0/stm32cubeide/plugins/com.st.stm32cube.ide.mcu.externaltools.gnu-tools-for-stm32.9-2020-q2-update.win32_2.0.0.202105311346/tools/bin/../lib/gcc/arm-none-eabi/9.3.1/thumb/v7-m/nofp/crtbegin.o
 *(.text*)
 .text.mainAppl_Init
                0x000000000800014c       0x18 ./Appl/ApplMain/applMain.o
                0x000000000800014c                mainAppl_Init
 .text.mainAppl_MainRunnable
                0x0000000008000164       0x34 ./Appl/ApplMain/applMain.o
                0x0000000008000164                mainAppl_MainRunnable
 .text.delayMS  0x0000000008000198       0x16 ./Appl/Delay/delay.o
                0x0000000008000198                delayMS
 .text.LL_GPIO_SetOutputPin
                0x00000000080001ae       0x1e ./Appl/IO_Config/digitalOutputs.o
 .text.LL_GPIO_ResetOutputPin
                0x00000000080001cc       0x1e ./Appl/IO_Config/digitalOutputs.o
 *fill*         0x00000000080001ea        0x2 
 .text.LL_APB2_GRP1_EnableClock
                0x00000000080001ec       0x30 ./Appl/IO_Config/digitalOutputs.o
 .text.DO_Init  0x000000000800021c       0x50 ./Appl/IO_Config/digitalOutputs.o
                0x000000000800021c                DO_Init
 .text.DO_Set   0x000000000800026c       0x2c ./Appl/IO_Config/digitalOutputs.o
                0x000000000800026c                DO_Set
 .text.DO_Clear
                0x0000000008000298       0x2c ./Appl/IO_Config/digitalOutputs.o
                0x0000000008000298                DO_Clear
 .text._ZL30do_DigitalOutputs_DefaultStatev
                0x00000000080002c4        0xe ./Appl/IO_Config/digitalOutputs.o
 *fill*         0x00000000080002d2        0x2 
 .text.__NVIC_SetPriorityGrouping
                0x00000000080002d4       0x48 ./Core/Src/main.o
 .text.__NVIC_GetPriorityGrouping
                0x000000000800031c       0x1c ./Core/Src/main.o
 .text.__NVIC_SetPriority
                0x0000000008000338       0x54 ./Core/Src/main.o
 .text.NVIC_EncodePriority
                0x000000000800038c       0x60 ./Core/Src/main.o
 .text.LL_RCC_HSE_EnableCSS
                0x00000000080003ec       0x1c ./Core/Src/main.o
 .text.LL_RCC_HSE_Enable
                0x0000000008000408       0x1c ./Core/Src/main.o
 .text.LL_RCC_HSE_IsReady
                0x0000000008000424       0x24 ./Core/Src/main.o
 .text.LL_RCC_SetSysClkSource
                0x0000000008000448       0x28 ./Core/Src/main.o
 .text.LL_RCC_GetSysClkSource
                0x0000000008000470       0x18 ./Core/Src/main.o
 .text.LL_RCC_SetAHBPrescaler
                0x0000000008000488       0x28 ./Core/Src/main.o
 .text.LL_RCC_SetAPB1Prescaler
                0x00000000080004b0       0x28 ./Core/Src/main.o
 .text.LL_RCC_SetAPB2Prescaler
                0x00000000080004d8       0x28 ./Core/Src/main.o
 .text.LL_RCC_PLL_Enable
                0x0000000008000500       0x1c ./Core/Src/main.o
 .text.LL_RCC_PLL_IsReady
                0x000000000800051c       0x24 ./Core/Src/main.o
 .text.LL_RCC_PLL_ConfigDomain_SYS
                0x0000000008000540       0x30 ./Core/Src/main.o
 .text.LL_APB1_GRP1_EnableClock
                0x0000000008000570       0x30 ./Core/Src/main.o
 .text.LL_APB2_GRP1_EnableClock
                0x00000000080005a0       0x30 ./Core/Src/main.o
 .text.LL_FLASH_SetLatency
                0x00000000080005d0       0x28 ./Core/Src/main.o
 .text.LL_FLASH_GetLatency
                0x00000000080005f8       0x18 ./Core/Src/main.o
 .text.LL_GPIO_AF_Remap_SWJ_NOJTAG
                0x0000000008000610       0x28 ./Core/Src/main.o
 .text.main     0x0000000008000638       0x46 ./Core/Src/main.o
                0x0000000008000638                main
 *fill*         0x000000000800067e        0x2 
 .text._ZL18SystemClock_Configv
                0x0000000008000680       0xa8 ./Core/Src/main.o
 .text.NMI_Handler
                0x0000000008000728        0x6 ./Core/Src/stm32f1xx_it.o
                0x0000000008000728                NMI_Handler
 .text.HardFault_Handler
                0x000000000800072e        0x6 ./Core/Src/stm32f1xx_it.o
                0x000000000800072e                HardFault_Handler
 .text.MemManage_Handler
                0x0000000008000734        0x6 ./Core/Src/stm32f1xx_it.o
                0x0000000008000734                MemManage_Handler
 .text.BusFault_Handler
                0x000000000800073a        0x6 ./Core/Src/stm32f1xx_it.o
                0x000000000800073a                BusFault_Handler
 .text.UsageFault_Handler
                0x0000000008000740        0x6 ./Core/Src/stm32f1xx_it.o
                0x0000000008000740                UsageFault_Handler
 .text.SVC_Handler
                0x0000000008000746        0xc ./Core/Src/stm32f1xx_it.o
                0x0000000008000746                SVC_Handler
 .text.DebugMon_Handler
                0x0000000008000752        0xc ./Core/Src/stm32f1xx_it.o
                0x0000000008000752                DebugMon_Handler
 .text.PendSV_Handler
                0x000000000800075e        0xc ./Core/Src/stm32f1xx_it.o
                0x000000000800075e                PendSV_Handler
 .text.SysTick_Handler
                0x000000000800076a        0xc ./Core/Src/stm32f1xx_it.o
                0x000000000800076a                SysTick_Handler
 .text.SystemInit
                0x0000000008000776        0xc ./Core/Src/system_stm32f1xx.o
                0x0000000008000776                SystemInit
 *fill*         0x0000000008000782        0x2 
 .text.Reset_Handler
                0x0000000008000784       0x48 ./Core/Startup/startup_stm32f103c8tx.o
                0x0000000008000784                Reset_Handler
 .text.Default_Handler
                0x00000000080007cc        0x2 ./Core/Startup/startup_stm32f103c8tx.o
                0x00000000080007cc                RTC_Alarm_IRQHandler
                0x00000000080007cc                EXTI2_IRQHandler
                0x00000000080007cc                TIM1_CC_IRQHandler
                0x00000000080007cc                PVD_IRQHandler
                0x00000000080007cc                EXTI3_IRQHandler
                0x00000000080007cc                EXTI0_IRQHandler
                0x00000000080007cc                I2C2_EV_IRQHandler
                0x00000000080007cc                ADC1_2_IRQHandler
                0x00000000080007cc                SPI1_IRQHandler
                0x00000000080007cc                TAMPER_IRQHandler
                0x00000000080007cc                DMA1_Channel4_IRQHandler
                0x00000000080007cc                USART3_IRQHandler
                0x00000000080007cc                RTC_IRQHandler
                0x00000000080007cc                DMA1_Channel7_IRQHandler
                0x00000000080007cc                CAN1_RX1_IRQHandler
                0x00000000080007cc                TIM4_IRQHandler
                0x00000000080007cc                I2C1_EV_IRQHandler
                0x00000000080007cc                DMA1_Channel6_IRQHandler
                0x00000000080007cc                TIM3_IRQHandler
                0x00000000080007cc                RCC_IRQHandler
                0x00000000080007cc                TIM1_TRG_COM_IRQHandler
                0x00000000080007cc                DMA1_Channel1_IRQHandler
                0x00000000080007cc                Default_Handler
                0x00000000080007cc                EXTI15_10_IRQHandler
                0x00000000080007cc                EXTI9_5_IRQHandler
                0x00000000080007cc                SPI2_IRQHandler
                0x00000000080007cc                DMA1_Channel5_IRQHandler
                0x00000000080007cc                EXTI4_IRQHandler
                0x00000000080007cc                USB_LP_CAN1_RX0_IRQHandler
                0x00000000080007cc                USB_HP_CAN1_TX_IRQHandler
                0x00000000080007cc                DMA1_Channel3_IRQHandler
                0x00000000080007cc                TIM1_UP_IRQHandler
                0x00000000080007cc                WWDG_IRQHandler
                0x00000000080007cc                TIM2_IRQHandler
                0x00000000080007cc                TIM1_BRK_IRQHandler
                0x00000000080007cc                EXTI1_IRQHandler
                0x00000000080007cc                USART2_IRQHandler
                0x00000000080007cc                I2C2_ER_IRQHandler
                0x00000000080007cc                DMA1_Channel2_IRQHandler
                0x00000000080007cc                CAN1_SCE_IRQHandler
                0x00000000080007cc                FLASH_IRQHandler
                0x00000000080007cc                USART1_IRQHandler
                0x00000000080007cc                I2C1_ER_IRQHandler
                0x00000000080007cc                USBWakeUp_IRQHandler
 *fill*         0x00000000080007ce        0x2 
 .text.HAL_IncTick
                0x00000000080007d0       0x24 ./Drivers/STM32F1xx_HAL_Driver/Src/stm32f1xx_hal.o
                0x00000000080007d0                HAL_IncTick
 .text.LL_GPIO_SetPinMode
                0x00000000080007f4       0x64 ./Drivers/STM32F1xx_HAL_Driver/Src/stm32f1xx_ll_gpio.o
 .text.LL_GPIO_SetPinSpeed
                0x0000000008000858       0x64 ./Drivers/STM32F1xx_HAL_Driver/Src/stm32f1xx_ll_gpio.o
 .text.LL_GPIO_SetPinOutputType
                0x00000000080008bc       0x64 ./Drivers/STM32F1xx_HAL_Driver/Src/stm32f1xx_ll_gpio.o
 .text.LL_GPIO_SetPinPull
                0x0000000008000920       0x44 ./Drivers/STM32F1xx_HAL_Driver/Src/stm32f1xx_ll_gpio.o
 .text.LL_GPIO_Init
                0x0000000008000964       0xcc ./Drivers/STM32F1xx_HAL_Driver/Src/stm32f1xx_ll_gpio.o
                0x0000000008000964                LL_GPIO_Init
 .text.LL_InitTick
                0x0000000008000a30       0x34 ./Drivers/STM32F1xx_HAL_Driver/Src/stm32f1xx_ll_utils.o
 .text.LL_Init1msTick
                0x0000000008000a64       0x1a ./Drivers/STM32F1xx_HAL_Driver/Src/stm32f1xx_ll_utils.o
                0x0000000008000a64                LL_Init1msTick
 *fill*         0x0000000008000a7e        0x2 
 .text.LL_mDelay
                0x0000000008000a80       0x48 ./Drivers/STM32F1xx_HAL_Driver/Src/stm32f1xx_ll_utils.o
                0x0000000008000a80                LL_mDelay
 .text.LL_SetSystemCoreClock
                0x0000000008000ac8       0x1c ./Drivers/STM32F1xx_HAL_Driver/Src/stm32f1xx_ll_utils.o
                0x0000000008000ac8                LL_SetSystemCoreClock
 .text.__libc_init_array
                0x0000000008000ae4       0x48 d:/st/stm32cubeide_1.8.0/stm32cubeide/plugins/com.st.stm32cube.ide.mcu.externaltools.gnu-tools-for-stm32.9-2020-q2-update.win32_2.0.0.202105311346/tools/bin/../lib/gcc/arm-none-eabi/9.3.1/../../../../arm-none-eabi/lib/thumb/v7-m/nofp\libc_nano.a(lib_a-init.o)
                0x0000000008000ae4                __libc_init_array
 *(.glue_7)
 .glue_7        0x0000000008000b2c        0x0 linker stubs
 *(.glue_7t)
 .glue_7t       0x0000000008000b2c        0x0 linker stubs
 *(.eh_frame)
 .eh_frame      0x0000000008000b2c        0x0 d:/st/stm32cubeide_1.8.0/stm32cubeide/plugins/com.st.stm32cube.ide.mcu.externaltools.gnu-tools-for-stm32.9-2020-q2-update.win32_2.0.0.202105311346/tools/bin/../lib/gcc/arm-none-eabi/9.3.1/thumb/v7-m/nofp/crtbegin.o
 *(.init)
 .init          0x0000000008000b2c        0x4 d:/st/stm32cubeide_1.8.0/stm32cubeide/plugins/com.st.stm32cube.ide.mcu.externaltools.gnu-tools-for-stm32.9-2020-q2-update.win32_2.0.0.202105311346/tools/bin/../lib/gcc/arm-none-eabi/9.3.1/thumb/v7-m/nofp/crti.o
                0x0000000008000b2c                _init
 .init          0x0000000008000b30        0x8 d:/st/stm32cubeide_1.8.0/stm32cubeide/plugins/com.st.stm32cube.ide.mcu.externaltools.gnu-tools-for-stm32.9-2020-q2-update.win32_2.0.0.202105311346/tools/bin/../lib/gcc/arm-none-eabi/9.3.1/thumb/v7-m/nofp/crtn.o
 *(.fini)
 .fini          0x0000000008000b38        0x4 d:/st/stm32cubeide_1.8.0/stm32cubeide/plugins/com.st.stm32cube.ide.mcu.externaltools.gnu-tools-for-stm32.9-2020-q2-update.win32_2.0.0.202105311346/tools/bin/../lib/gcc/arm-none-eabi/9.3.1/thumb/v7-m/nofp/crti.o
                0x0000000008000b38                _fini
 .fini          0x0000000008000b3c        0x8 d:/st/stm32cubeide_1.8.0/stm32cubeide/plugins/com.st.stm32cube.ide.mcu.externaltools.gnu-tools-for-stm32.9-2020-q2-update.win32_2.0.0.202105311346/tools/bin/../lib/gcc/arm-none-eabi/9.3.1/thumb/v7-m/nofp/crtn.o
                0x0000000008000b44                . = ALIGN (0x4)
                0x0000000008000b44                _etext = .

.vfp11_veneer   0x0000000008000b44        0x0
 .vfp11_veneer  0x0000000008000b44        0x0 linker stubs

.v4_bx          0x0000000008000b44        0x0
 .v4_bx         0x0000000008000b44        0x0 linker stubs

.iplt           0x0000000008000b44        0x0
 .iplt          0x0000000008000b44        0x0 d:/st/stm32cubeide_1.8.0/stm32cubeide/plugins/com.st.stm32cube.ide.mcu.externaltools.gnu-tools-for-stm32.9-2020-q2-update.win32_2.0.0.202105311346/tools/bin/../lib/gcc/arm-none-eabi/9.3.1/thumb/v7-m/nofp/crtbegin.o

.rel.dyn        0x0000000008000b44        0x0
 .rel.iplt      0x0000000008000b44        0x0 d:/st/stm32cubeide_1.8.0/stm32cubeide/plugins/com.st.stm32cube.ide.mcu.externaltools.gnu-tools-for-stm32.9-2020-q2-update.win32_2.0.0.202105311346/tools/bin/../lib/gcc/arm-none-eabi/9.3.1/thumb/v7-m/nofp/crtbegin.o

.rodata         0x0000000008000b44        0x0
                0x0000000008000b44                . = ALIGN (0x4)
 *(.rodata)
 *(.rodata*)
                0x0000000008000b44                . = ALIGN (0x4)

.ARM.extab      0x0000000008000b44        0x0
                0x0000000008000b44                . = ALIGN (0x4)
 *(.ARM.extab* .gnu.linkonce.armextab.*)
                0x0000000008000b44                . = ALIGN (0x4)

.ARM            0x0000000008000b44        0x0
                0x0000000008000b44                . = ALIGN (0x4)
                0x0000000008000b44                __exidx_start = .
 *(.ARM.exidx*)
                0x0000000008000b44                __exidx_end = .
                0x0000000008000b44                . = ALIGN (0x4)

.preinit_array  0x0000000008000b44        0x0
                0x0000000008000b44                . = ALIGN (0x4)
                0x0000000008000b44                PROVIDE (__preinit_array_start = .)
 *(.preinit_array*)
                0x0000000008000b44                PROVIDE (__preinit_array_end = .)
                0x0000000008000b44                . = ALIGN (0x4)

.init_array     0x0000000008000b44        0x4
                0x0000000008000b44                . = ALIGN (0x4)
                0x0000000008000b44                PROVIDE (__init_array_start = .)
 *(SORT_BY_NAME(.init_array.*))
 *(.init_array*)
 .init_array    0x0000000008000b44        0x4 d:/st/stm32cubeide_1.8.0/stm32cubeide/plugins/com.st.stm32cube.ide.mcu.externaltools.gnu-tools-for-stm32.9-2020-q2-update.win32_2.0.0.202105311346/tools/bin/../lib/gcc/arm-none-eabi/9.3.1/thumb/v7-m/nofp/crtbegin.o
                0x0000000008000b48                PROVIDE (__init_array_end = .)
                0x0000000008000b48                . = ALIGN (0x4)

.fini_array     0x0000000008000b48        0x4
                0x0000000008000b48                . = ALIGN (0x4)
                [!provide]                        PROVIDE (__fini_array_start = .)
 *(SORT_BY_NAME(.fini_array.*))
 *(.fini_array*)
 .fini_array    0x0000000008000b48        0x4 d:/st/stm32cubeide_1.8.0/stm32cubeide/plugins/com.st.stm32cube.ide.mcu.externaltools.gnu-tools-for-stm32.9-2020-q2-update.win32_2.0.0.202105311346/tools/bin/../lib/gcc/arm-none-eabi/9.3.1/thumb/v7-m/nofp/crtbegin.o
                [!provide]                        PROVIDE (__fini_array_end = .)
                0x0000000008000b4c                . = ALIGN (0x4)
                0x0000000008000b4c                _sidata = LOADADDR (.data)

.data           0x0000000020000000        0x8 load address 0x0000000008000b4c
                0x0000000020000000                . = ALIGN (0x4)
                0x0000000020000000                _sdata = .
 *(.data)
 *(.data*)
 .data.SystemCoreClock
                0x0000000020000000        0x4 ./Core/Src/system_stm32f1xx.o
                0x0000000020000000                SystemCoreClock
 .data.uwTickFreq
                0x0000000020000004        0x1 ./Drivers/STM32F1xx_HAL_Driver/Src/stm32f1xx_hal.o
                0x0000000020000004                uwTickFreq
 *(.RamFunc)
 *(.RamFunc*)
                0x0000000020000008                . = ALIGN (0x4)
 *fill*         0x0000000020000005        0x3 
                0x0000000020000008                _edata = .

.igot.plt       0x0000000020000008        0x0 load address 0x0000000008000b54
 .igot.plt      0x0000000020000008        0x0 d:/st/stm32cubeide_1.8.0/stm32cubeide/plugins/com.st.stm32cube.ide.mcu.externaltools.gnu-tools-for-stm32.9-2020-q2-update.win32_2.0.0.202105311346/tools/bin/../lib/gcc/arm-none-eabi/9.3.1/thumb/v7-m/nofp/crtbegin.o
                0x0000000020000008                . = ALIGN (0x4)

.bss            0x0000000020000008       0x24 load address 0x0000000008000b54
                0x0000000020000008                _sbss = .
                0x0000000020000008                __bss_start__ = _sbss
 *(.bss)
 .bss           0x0000000020000008       0x1c d:/st/stm32cubeide_1.8.0/stm32cubeide/plugins/com.st.stm32cube.ide.mcu.externaltools.gnu-tools-for-stm32.9-2020-q2-update.win32_2.0.0.202105311346/tools/bin/../lib/gcc/arm-none-eabi/9.3.1/thumb/v7-m/nofp/crtbegin.o
 *(.bss*)
 .bss._ZL7mainCnt
                0x0000000020000024        0x1 ./Appl/ApplMain/applMain.o
 *(COMMON)
 *fill*         0x0000000020000025        0x3 
 COMMON         0x0000000020000028        0x4 ./Drivers/STM32F1xx_HAL_Driver/Src/stm32f1xx_hal.o
                0x0000000020000028                uwTick
                0x000000002000002c                . = ALIGN (0x4)
                0x000000002000002c                _ebss = .
                0x000000002000002c                __bss_end__ = _ebss

._user_heap_stack
                0x000000002000002c      0x604 load address 0x0000000008000b54
                0x0000000020000030                . = ALIGN (0x8)
 *fill*         0x000000002000002c        0x4 
                [!provide]                        PROVIDE (end = .)
                0x0000000020000030                PROVIDE (_end = .)
                0x0000000020000230                . = (. + _Min_Heap_Size)
 *fill*         0x0000000020000030      0x200 
                0x0000000020000630                . = (. + _Min_Stack_Size)
 *fill*         0x0000000020000230      0x400 
                0x0000000020000630                . = ALIGN (0x8)

/DISCARD/
 libc.a(*)
 libm.a(*)
 libgcc.a(*)

.ARM.attributes
                0x0000000000000000       0x29
 *(.ARM.attributes)
 .ARM.attributes
                0x0000000000000000       0x1d d:/st/stm32cubeide_1.8.0/stm32cubeide/plugins/com.st.stm32cube.ide.mcu.externaltools.gnu-tools-for-stm32.9-2020-q2-update.win32_2.0.0.202105311346/tools/bin/../lib/gcc/arm-none-eabi/9.3.1/thumb/v7-m/nofp/crti.o
 .ARM.attributes
                0x000000000000001d       0x2d d:/st/stm32cubeide_1.8.0/stm32cubeide/plugins/com.st.stm32cube.ide.mcu.externaltools.gnu-tools-for-stm32.9-2020-q2-update.win32_2.0.0.202105311346/tools/bin/../lib/gcc/arm-none-eabi/9.3.1/thumb/v7-m/nofp/crtbegin.o
 .ARM.attributes
                0x000000000000004a       0x2d ./Appl/ApplMain/applMain.o
 .ARM.attributes
                0x0000000000000077       0x2d ./Appl/Delay/delay.o
 .ARM.attributes
                0x00000000000000a4       0x2d ./Appl/IO_Config/digitalOutputs.o
 .ARM.attributes
                0x00000000000000d1       0x2d ./Core/Src/main.o
 .ARM.attributes
                0x00000000000000fe       0x2d ./Core/Src/stm32f1xx_it.o
 .ARM.attributes
                0x000000000000012b       0x2d ./Core/Src/system_stm32f1xx.o
 .ARM.attributes
                0x0000000000000158       0x21 ./Core/Startup/startup_stm32f103c8tx.o
 .ARM.attributes
                0x0000000000000179       0x2d ./Drivers/STM32F1xx_HAL_Driver/Src/stm32f1xx_hal.o
 .ARM.attributes
                0x00000000000001a6       0x2d ./Drivers/STM32F1xx_HAL_Driver/Src/stm32f1xx_ll_gpio.o
 .ARM.attributes
                0x00000000000001d3       0x2d ./Drivers/STM32F1xx_HAL_Driver/Src/stm32f1xx_ll_utils.o
 .ARM.attributes
                0x0000000000000200       0x2d d:/st/stm32cubeide_1.8.0/stm32cubeide/plugins/com.st.stm32cube.ide.mcu.externaltools.gnu-tools-for-stm32.9-2020-q2-update.win32_2.0.0.202105311346/tools/bin/../lib/gcc/arm-none-eabi/9.3.1/../../../../arm-none-eabi/lib/thumb/v7-m/nofp\libc_nano.a(lib_a-init.o)
 .ARM.attributes
                0x000000000000022d       0x1d d:/st/stm32cubeide_1.8.0/stm32cubeide/plugins/com.st.stm32cube.ide.mcu.externaltools.gnu-tools-for-stm32.9-2020-q2-update.win32_2.0.0.202105311346/tools/bin/../lib/gcc/arm-none-eabi/9.3.1/thumb/v7-m/nofp/crtn.o
OUTPUT(RC_iBus.elf elf32-littlearm)
LOAD linker stubs
LOAD d:/st/stm32cubeide_1.8.0/stm32cubeide/plugins/com.st.stm32cube.ide.mcu.externaltools.gnu-tools-for-stm32.9-2020-q2-update.win32_2.0.0.202105311346/tools/bin/../lib/gcc/arm-none-eabi/9.3.1/../../../../arm-none-eabi/lib/thumb/v7-m/nofp\libc.a
LOAD d:/st/stm32cubeide_1.8.0/stm32cubeide/plugins/com.st.stm32cube.ide.mcu.externaltools.gnu-tools-for-stm32.9-2020-q2-update.win32_2.0.0.202105311346/tools/bin/../lib/gcc/arm-none-eabi/9.3.1/../../../../arm-none-eabi/lib/thumb/v7-m/nofp\libm.a
LOAD d:/st/stm32cubeide_1.8.0/stm32cubeide/plugins/com.st.stm32cube.ide.mcu.externaltools.gnu-tools-for-stm32.9-2020-q2-update.win32_2.0.0.202105311346/tools/bin/../lib/gcc/arm-none-eabi/9.3.1/thumb/v7-m/nofp\libgcc.a

.debug_info     0x0000000000000000     0x2f56
 .debug_info    0x0000000000000000       0xe9 ./Appl/ApplMain/applMain.o
 .debug_info    0x00000000000000e9      0x1a2 ./Appl/Delay/delay.o
 .debug_info    0x000000000000028b      0x4e0 ./Appl/IO_Config/digitalOutputs.o
 .debug_info    0x000000000000076b      0xbb5 ./Core/Src/main.o
 .debug_info    0x0000000000001320      0x249 ./Core/Src/stm32f1xx_it.o
 .debug_info    0x0000000000001569      0x2be ./Core/Src/system_stm32f1xx.o
 .debug_info    0x0000000000001827       0x22 ./Core/Startup/startup_stm32f103c8tx.o
 .debug_info    0x0000000000001849      0x76a ./Drivers/STM32F1xx_HAL_Driver/Src/stm32f1xx_hal.o
 .debug_info    0x0000000000001fb3      0x6d3 ./Drivers/STM32F1xx_HAL_Driver/Src/stm32f1xx_ll_gpio.o
 .debug_info    0x0000000000002686      0x8d0 ./Drivers/STM32F1xx_HAL_Driver/Src/stm32f1xx_ll_utils.o

.debug_abbrev   0x0000000000000000      0xe1c
 .debug_abbrev  0x0000000000000000       0x83 ./Appl/ApplMain/applMain.o
 .debug_abbrev  0x0000000000000083       0xc9 ./Appl/Delay/delay.o
 .debug_abbrev  0x000000000000014c      0x1d8 ./Appl/IO_Config/digitalOutputs.o
 .debug_abbrev  0x0000000000000324      0x234 ./Core/Src/main.o
 .debug_abbrev  0x0000000000000558       0xe3 ./Core/Src/stm32f1xx_it.o
 .debug_abbrev  0x000000000000063b      0x14e ./Core/Src/system_stm32f1xx.o
 .debug_abbrev  0x0000000000000789       0x12 ./Core/Startup/startup_stm32f103c8tx.o
 .debug_abbrev  0x000000000000079b      0x1ed ./Drivers/STM32F1xx_HAL_Driver/Src/stm32f1xx_hal.o
 .debug_abbrev  0x0000000000000988      0x239 ./Drivers/STM32F1xx_HAL_Driver/Src/stm32f1xx_ll_gpio.o
 .debug_abbrev  0x0000000000000bc1      0x25b ./Drivers/STM32F1xx_HAL_Driver/Src/stm32f1xx_ll_utils.o

.debug_aranges  0x0000000000000000      0x460
 .debug_aranges
                0x0000000000000000       0x28 ./Appl/ApplMain/applMain.o
 .debug_aranges
                0x0000000000000028       0x20 ./Appl/Delay/delay.o
 .debug_aranges
                0x0000000000000048       0x60 ./Appl/IO_Config/digitalOutputs.o
 .debug_aranges
                0x00000000000000a8       0xd0 ./Core/Src/main.o
 .debug_aranges
                0x0000000000000178       0x60 ./Core/Src/stm32f1xx_it.o
 .debug_aranges
                0x00000000000001d8       0x28 ./Core/Src/system_stm32f1xx.o
 .debug_aranges
                0x0000000000000200       0x28 ./Core/Startup/startup_stm32f103c8tx.o
 .debug_aranges
                0x0000000000000228       0xe0 ./Drivers/STM32F1xx_HAL_Driver/Src/stm32f1xx_hal.o
 .debug_aranges
                0x0000000000000308       0x60 ./Drivers/STM32F1xx_HAL_Driver/Src/stm32f1xx_ll_gpio.o
 .debug_aranges
                0x0000000000000368       0xf8 ./Drivers/STM32F1xx_HAL_Driver/Src/stm32f1xx_ll_utils.o

.debug_ranges   0x0000000000000000      0x3c8
 .debug_ranges  0x0000000000000000       0x18 ./Appl/ApplMain/applMain.o
 .debug_ranges  0x0000000000000018       0x10 ./Appl/Delay/delay.o
 .debug_ranges  0x0000000000000028       0x50 ./Appl/IO_Config/digitalOutputs.o
 .debug_ranges  0x0000000000000078       0xc0 ./Core/Src/main.o
 .debug_ranges  0x0000000000000138       0x50 ./Core/Src/stm32f1xx_it.o
 .debug_ranges  0x0000000000000188       0x18 ./Core/Src/system_stm32f1xx.o
 .debug_ranges  0x00000000000001a0       0x20 ./Core/Startup/startup_stm32f103c8tx.o
 .debug_ranges  0x00000000000001c0       0xd0 ./Drivers/STM32F1xx_HAL_Driver/Src/stm32f1xx_hal.o
 .debug_ranges  0x0000000000000290       0x50 ./Drivers/STM32F1xx_HAL_Driver/Src/stm32f1xx_ll_gpio.o
 .debug_ranges  0x00000000000002e0       0xe8 ./Drivers/STM32F1xx_HAL_Driver/Src/stm32f1xx_ll_utils.o

.debug_macro    0x0000000000000000    0x1759c
 .debug_macro   0x0000000000000000       0x86 ./Appl/ApplMain/applMain.o
 .debug_macro   0x0000000000000086      0xb7a ./Appl/ApplMain/applMain.o
 .debug_macro   0x0000000000000c00       0x1c ./Appl/ApplMain/applMain.o
 .debug_macro   0x0000000000000c1c       0x22 ./Appl/ApplMain/applMain.o
 .debug_macro   0x0000000000000c3e       0x8e ./Appl/ApplMain/applMain.o
 .debug_macro   0x0000000000000ccc       0x51 ./Appl/ApplMain/applMain.o
 .debug_macro   0x0000000000000d1d      0x103 ./Appl/ApplMain/applMain.o
 .debug_macro   0x0000000000000e20       0x6a ./Appl/ApplMain/applMain.o
 .debug_macro   0x0000000000000e8a      0x1df ./Appl/ApplMain/applMain.o
 .debug_macro   0x0000000000001069      0x19d ./Appl/Delay/delay.o
 .debug_macro   0x0000000000001206      0xaa2 ./Appl/Delay/delay.o
 .debug_macro   0x0000000000001ca8       0x2e ./Appl/Delay/delay.o
 .debug_macro   0x0000000000001cd6       0x22 ./Appl/Delay/delay.o
 .debug_macro   0x0000000000001cf8       0x1c ./Appl/Delay/delay.o
 .debug_macro   0x0000000000001d14       0x22 ./Appl/Delay/delay.o
 .debug_macro   0x0000000000001d36       0xc3 ./Appl/Delay/delay.o
 .debug_macro   0x0000000000001df9      0xd23 ./Appl/Delay/delay.o
 .debug_macro   0x0000000000002b1c     0xe09e ./Appl/Delay/delay.o
 .debug_macro   0x0000000000010bba       0x6d ./Appl/Delay/delay.o
 .debug_macro   0x0000000000010c27      0x20f ./Appl/Delay/delay.o
 .debug_macro   0x0000000000010e36     0x3468 ./Appl/Delay/delay.o
 .debug_macro   0x000000000001429e      0x174 ./Appl/Delay/delay.o
 .debug_macro   0x0000000000014412       0x5c ./Appl/Delay/delay.o
 .debug_macro   0x000000000001446e      0x5be ./Appl/Delay/delay.o
 .debug_macro   0x0000000000014a2c      0x289 ./Appl/Delay/delay.o
 .debug_macro   0x0000000000014cb5      0x1cb ./Appl/Delay/delay.o
 .debug_macro   0x0000000000014e80      0x114 ./Appl/Delay/delay.o
 .debug_macro   0x0000000000014f94      0x1b2 ./Appl/Delay/delay.o
 .debug_macro   0x0000000000015146       0x27 ./Appl/Delay/delay.o
 .debug_macro   0x000000000001516d      0x136 ./Appl/Delay/delay.o
 .debug_macro   0x00000000000152a3      0x1bc ./Appl/Delay/delay.o
 .debug_macro   0x000000000001545f       0x34 ./Appl/Delay/delay.o
 .debug_macro   0x0000000000015493       0x3c ./Appl/Delay/delay.o
 .debug_macro   0x00000000000154cf       0x57 ./Appl/Delay/delay.o
 .debug_macro   0x0000000000015526       0x88 ./Appl/Delay/delay.o
 .debug_macro   0x00000000000155ae      0x241 ./Appl/Delay/delay.o
 .debug_macro   0x00000000000157ef      0x141 ./Appl/Delay/delay.o
 .debug_macro   0x0000000000015930      0x279 ./Appl/Delay/delay.o
 .debug_macro   0x0000000000015ba9       0x83 ./Appl/Delay/delay.o
 .debug_macro   0x0000000000015c2c       0x24 ./Appl/Delay/delay.o
 .debug_macro   0x0000000000015c50      0x1bb ./Appl/IO_Config/digitalOutputs.o
 .debug_macro   0x0000000000015e0b      0x224 ./Appl/IO_Config/digitalOutputs.o
 .debug_macro   0x000000000001602f       0xd7 ./Appl/IO_Config/digitalOutputs.o
 .debug_macro   0x0000000000016106      0x1f8 ./Core/Src/main.o
 .debug_macro   0x00000000000162fe      0x2be ./Core/Src/main.o
 .debug_macro   0x00000000000165bc       0x74 ./Core/Src/main.o
 .debug_macro   0x0000000000016630       0xd0 ./Core/Src/main.o
 .debug_macro   0x0000000000016700       0x28 ./Core/Src/main.o
 .debug_macro   0x0000000000016728       0x2a ./Core/Src/main.o
 .debug_macro   0x0000000000016752       0x90 ./Core/Src/main.o
 .debug_macro   0x00000000000167e2      0x287 ./Core/Src/main.o
 .debug_macro   0x0000000000016a69      0x22a ./Core/Src/main.o
 .debug_macro   0x0000000000016c93      0x1f3 ./Core/Src/stm32f1xx_it.o
 .debug_macro   0x0000000000016e86      0x18e ./Core/Src/system_stm32f1xx.o
 .debug_macro   0x0000000000017014      0x1b2 ./Drivers/STM32F1xx_HAL_Driver/Src/stm32f1xx_hal.o
 .debug_macro   0x00000000000171c6      0x1ca ./Drivers/STM32F1xx_HAL_Driver/Src/stm32f1xx_ll_gpio.o
 .debug_macro   0x0000000000017390      0x20c ./Drivers/STM32F1xx_HAL_Driver/Src/stm32f1xx_ll_utils.o

.debug_line     0x0000000000000000     0x4809
 .debug_line    0x0000000000000000      0x407 ./Appl/ApplMain/applMain.o
 .debug_line    0x0000000000000407      0x64e ./Appl/Delay/delay.o
 .debug_line    0x0000000000000a55      0x797 ./Appl/IO_Config/digitalOutputs.o
 .debug_line    0x00000000000011ec      0xa87 ./Core/Src/main.o
 .debug_line    0x0000000000001c73      0x7de ./Core/Src/stm32f1xx_it.o
 .debug_line    0x0000000000002451      0x6ca ./Core/Src/system_stm32f1xx.o
 .debug_line    0x0000000000002b1b       0x87 ./Core/Startup/startup_stm32f103c8tx.o
 .debug_line    0x0000000000002ba2      0x8f7 ./Drivers/STM32F1xx_HAL_Driver/Src/stm32f1xx_hal.o
 .debug_line    0x0000000000003499      0x8ae ./Drivers/STM32F1xx_HAL_Driver/Src/stm32f1xx_ll_gpio.o
 .debug_line    0x0000000000003d47      0xac2 ./Drivers/STM32F1xx_HAL_Driver/Src/stm32f1xx_ll_utils.o

.debug_str      0x0000000000000000    0x8297c
 .debug_str     0x0000000000000000     0x402e ./Appl/ApplMain/applMain.o
                                       0x419f (size before relaxing)
 .debug_str     0x000000000000402e    0x78a53 ./Appl/Delay/delay.o
                                      0x7c864 (size before relaxing)
 .debug_str     0x000000000007ca81     0x170f ./Appl/IO_Config/digitalOutputs.o
                                      0x7e363 (size before relaxing)
 .debug_str     0x000000000007e190     0x34bf ./Core/Src/main.o
                                      0x818a2 (size before relaxing)
 .debug_str     0x000000000008164f       0xbd ./Core/Src/stm32f1xx_it.o
                                      0x80d32 (size before relaxing)
 .debug_str     0x000000000008170c       0x52 ./Core/Src/system_stm32f1xx.o
                                      0x7c821 (size before relaxing)
 .debug_str     0x000000000008175e       0x36 ./Core/Startup/startup_stm32f103c8tx.o
                                         0x68 (size before relaxing)
 .debug_str     0x0000000000081794      0x322 ./Drivers/STM32F1xx_HAL_Driver/Src/stm32f1xx_hal.o
                                      0x7ceb2 (size before relaxing)
 .debug_str     0x0000000000081ab6      0x3e0 ./Drivers/STM32F1xx_HAL_Driver/Src/stm32f1xx_ll_gpio.o
                                      0x7e172 (size before relaxing)
 .debug_str     0x0000000000081e96      0xae6 ./Drivers/STM32F1xx_HAL_Driver/Src/stm32f1xx_ll_utils.o
                                      0x7e9d0 (size before relaxing)

.comment        0x0000000000000000       0x53
 .comment       0x0000000000000000       0x53 ./Appl/ApplMain/applMain.o
                                         0x54 (size before relaxing)
 .comment       0x0000000000000053       0x54 ./Appl/Delay/delay.o
 .comment       0x0000000000000053       0x54 ./Appl/IO_Config/digitalOutputs.o
 .comment       0x0000000000000053       0x54 ./Core/Src/main.o
 .comment       0x0000000000000053       0x54 ./Core/Src/stm32f1xx_it.o
 .comment       0x0000000000000053       0x54 ./Core/Src/system_stm32f1xx.o
 .comment       0x0000000000000053       0x54 ./Drivers/STM32F1xx_HAL_Driver/Src/stm32f1xx_hal.o
 .comment       0x0000000000000053       0x54 ./Drivers/STM32F1xx_HAL_Driver/Src/stm32f1xx_ll_gpio.o
 .comment       0x0000000000000053       0x54 ./Drivers/STM32F1xx_HAL_Driver/Src/stm32f1xx_ll_utils.o

.debug_frame    0x0000000000000000      0xf3c
 .debug_frame   0x0000000000000000       0x48 ./Appl/ApplMain/applMain.o
 .debug_frame   0x0000000000000048       0x34 ./Appl/Delay/delay.o
 .debug_frame   0x000000000000007c      0x15c ./Appl/IO_Config/digitalOutputs.o
 .debug_frame   0x00000000000001d8      0x338 ./Core/Src/main.o
 .debug_frame   0x0000000000000510      0x104 ./Core/Src/stm32f1xx_it.o
 .debug_frame   0x0000000000000614       0x58 ./Core/Src/system_stm32f1xx.o
 .debug_frame   0x000000000000066c      0x334 ./Drivers/STM32F1xx_HAL_Driver/Src/stm32f1xx_hal.o
 .debug_frame   0x00000000000009a0      0x170 ./Drivers/STM32F1xx_HAL_Driver/Src/stm32f1xx_ll_gpio.o
 .debug_frame   0x0000000000000b10      0x400 ./Drivers/STM32F1xx_HAL_Driver/Src/stm32f1xx_ll_utils.o
 .debug_frame   0x0000000000000f10       0x2c d:/st/stm32cubeide_1.8.0/stm32cubeide/plugins/com.st.stm32cube.ide.mcu.externaltools.gnu-tools-for-stm32.9-2020-q2-update.win32_2.0.0.202105311346/tools/bin/../lib/gcc/arm-none-eabi/9.3.1/../../../../arm-none-eabi/lib/thumb/v7-m/nofp\libc_nano.a(lib_a-init.o)
